// Jest Snapshot v1, https://goo.gl/fbAQLP

exports[`Pruebas en SearchPage,jsx debe de mostar los valores por defecto 1`] = `
<div>
  <div
    class="row"
  >
    <h1>
      Busqueda
    </h1>
    <hr />
    <div
      class="col-5"
    >
      <h4>
        Searching...
      </h4>
      <hr />
      <form
        action=""
        aria-label="formHero"
      >
        <input
          autocomplete="off"
          class="form-control"
          name="searchText"
          placeholder="Search Hero"
          type="text"
          value=""
        />
        <button
          class="btn btn-outline-primary mt-2"
        >
          Search
        </button>
      </form>
    </div>
    <div
      class="col-7"
    >
      <h4>
        Results
      </h4>
      <hr />
      <div
        class="alert alert-primary animate__animated animate__fadeIn"
      >
        Search a Hero
      </div>
      <div
        aria-label="divSearch"
        class="alert alert-danger animate__animated animate__fadeIn"
        style="display: none;"
      >
        No hero with 
        <b />
      </div>
    </div>
  </div>
</div>
`;
